Starting a Gradle Daemon, 1 busy and 2 stopped Daemons could not be reused, use --status for details

[Incubating] Problems report is available at: file:///C:/Users/Mohammad/Desktop/HAZEL-S/build/reports/problems/problems-report.html

FAILURE: Build failed with an exception.

* What went wrong:
Task 'compileGithubDebugKotlin' not found in root project 'Hazel' and its subprojects.

* Try:
> Run gradlew tasks to get a list of available tasks.
> For more on name expansion, please refer to https://docs.gradle.org/9.3.1/userguide/command_line_interface.html#sec:name_abbreviation in the Gradle documentation.
> Run with --stacktrace option to get the stack trace.
> Run with --info or --debug option to get more log output.
> Run with --scan to get full insights from a Build Scan (powered by Develocity).
> Get more help at https://help.gradle.org.

BUILD FAILED in 11s
